Release 14.7 - xst P.20131013 (nt64)
Copyright (c) 1995-2013 Xilinx, Inc.  All rights reserved.
--> Parameter TMPDIR set to xst/projnav.tmp


Total REAL time to Xst completion: 0.00 secs
Total CPU time to Xst completion: 0.16 secs
 
--> Parameter xsthdpdir set to xst


Total REAL time to Xst completion: 0.00 secs
Total CPU time to Xst completion: 0.16 secs
 
--> Reading design: SpartanHome.prj

TABLE OF CONTENTS
  1) Synthesis Options Summary
  2) HDL Compilation
  3) Design Hierarchy Analysis
  4) HDL Analysis
  5) HDL Synthesis
     5.1) HDL Synthesis Report
  6) Advanced HDL Synthesis
     6.1) Advanced HDL Synthesis Report
  7) Low Level Synthesis
  8) Partition Report
  9) Final Report
	9.1) Device utilization summary
	9.2) Partition Resource Summary
	9.3) TIMING REPORT


=========================================================================
*                      Synthesis Options Summary                        *
=========================================================================
---- Source Parameters
Input File Name                    : "SpartanHome.prj"
Input Format                       : mixed
Ignore Synthesis Constraint File   : NO

---- Target Parameters
Output File Name                   : "SpartanHome"
Output Format                      : NGC
Target Device                      : xc3s500e-4-fg320

---- Source Options
Top Module Name                    : SpartanHome
Automatic FSM Extraction           : YES
FSM Encoding Algorithm             : Auto
Safe Implementation                : No
FSM Style                          : LUT
RAM Extraction                     : Yes
RAM Style                          : Auto
ROM Extraction                     : Yes
Mux Style                          : Auto
Decoder Extraction                 : YES
Priority Encoder Extraction        : Yes
Shift Register Extraction          : YES
Logical Shifter Extraction         : YES
XOR Collapsing                     : YES
ROM Style                          : Auto
Mux Extraction                     : Yes
Resource Sharing                   : YES
Asynchronous To Synchronous        : NO
Multiplier Style                   : Auto
Automatic Register Balancing       : No

---- Target Options
Add IO Buffers                     : YES
Global Maximum Fanout              : 100000
Add Generic Clock Buffer(BUFG)     : 24
Register Duplication               : YES
Slice Packing                      : YES
Optimize Instantiated Primitives   : NO
Use Clock Enable                   : Yes
Use Synchronous Set                : Yes
Use Synchronous Reset              : Yes
Pack IO Registers into IOBs        : Auto
Equivalent register Removal        : YES

---- General Options
Optimization Goal                  : Speed
Optimization Effort                : 1
Keep Hierarchy                     : No
Netlist Hierarchy                  : As_Optimized
RTL Output                         : Yes
Global Optimization                : AllClockNets
Read Cores                         : YES
Write Timing Constraints           : NO
Cross Clock Analysis               : NO
Hierarchy Separator                : /
Bus Delimiter                      : <>
Case Specifier                     : Maintain
Slice Utilization Ratio            : 100
BRAM Utilization Ratio             : 100
Verilog 2001                       : YES
Auto BRAM Packing                  : NO
Slice Utilization Ratio Delta      : 5

=========================================================================


=========================================================================
*                          HDL Compilation                              *
=========================================================================
Compiling vhdl file "D:/Franco/Documents/UPB/ED/SpartanHome/FrequencyDivider_1hz.vhd" in Library work.
Architecture behavioral of Entity frequencydivider_1hz is up to date.
Compiling vhdl file "D:/Franco/Documents/UPB/ED/SpartanHome/FrequencyDivider_5000hz.vhd" in Library work.
Architecture behavioral of Entity frequencydivider_5000hz is up to date.
Compiling vhdl file "D:/Franco/Documents/UPB/ED/SpartanHome/Counter_0to9.vhd" in Library work.
Architecture behavioral of Entity counter_0to9 is up to date.
Compiling vhdl file "D:/Franco/Documents/UPB/ED/SpartanHome/Counter_0to5.vhd" in Library work.
Architecture behavioral of Entity counter_0to5 is up to date.
Compiling vhdl file "D:/Franco/Documents/UPB/ED/SpartanHome/Counter_0to23.vhd" in Library work.
Architecture behavioral of Entity counter_0to23 is up to date.
Compiling vhdl file "D:/Franco/Documents/UPB/ED/SpartanHome/TimerAdjuster.vhd" in Library work.
Architecture behavioral of Entity timeradjuster is up to date.
Compiling vhdl file "D:/Franco/Documents/UPB/ED/SpartanHome/FrequencyDivider_10Hz.vhd" in Library work.
Architecture behavioral of Entity frequencydivider_10hz is up to date.
Compiling vhdl file "D:/Franco/Documents/UPB/ED/SpartanHome/FrequencyDivider_5hz.vhd" in Library work.
Architecture behavioral of Entity frequencydivider_5hz is up to date.
Compiling vhdl file "D:/Franco/Documents/UPB/ED/SpartanHome/NoiseFilter.vhd" in Library work.
Architecture behavioral of Entity noisefilter is up to date.
Compiling vhdl file "D:/Franco/Documents/UPB/ED/SpartanHome/CtrlLogic.vhd" in Library work.
Architecture behavioral of Entity ctrllogic is up to date.
Compiling vhdl file "D:/Franco/Documents/UPB/ED/SpartanHome/Timer.vhd" in Library work.
Architecture behavioral of Entity timer is up to date.
Compiling vhdl file "D:/Franco/Documents/UPB/ED/SpartanHome/BeepCtrl.vhd" in Library work.
Entity <beepctrl> compiled.
Entity <beepctrl> (Architecture <behavioral>) compiled.
Compiling vhdl file "D:/Franco/Documents/UPB/ED/SpartanHome/SpartanHome.vhd" in Library work.
Architecture behavioral of Entity spartanhome is up to date.

=========================================================================
*                     Design Hierarchy Analysis                         *
=========================================================================
Analyzing hierarchy for entity <SpartanHome> in library <work> (architecture <behavioral>).

Analyzing hierarchy for entity <FrequencyDivider_10Hz> in library <work> (architecture <behavioral>).

Analyzing hierarchy for entity <FrequencyDivider_5hz> in library <work> (architecture <behavioral>).

Analyzing hierarchy for entity <NoiseFilter> in library <work> (architecture <behavioral>).

Analyzing hierarchy for entity <CtrlLogic> in library <work> (architecture <behavioral>).

Analyzing hierarchy for entity <Timer> in library <work> (architecture <behavioral>).

Analyzing hierarchy for entity <BeepCtrl> in library <work> (architecture <behavioral>).

Analyzing hierarchy for entity <FrequencyDivider_1hz> in library <work> (architecture <behavioral>).

Analyzing hierarchy for entity <FrequencyDivider_5000hz> in library <work> (architecture <behavioral>).

Analyzing hierarchy for entity <Counter_0to9> in library <work> (architecture <behavioral>).

Analyzing hierarchy for entity <Counter_0to5> in library <work> (architecture <behavioral>).

Analyzing hierarchy for entity <Counter_0to23> in library <work> (architecture <behavioral>).

Analyzing hierarchy for entity <TimerAdjuster> in library <work> (architecture <behavioral>).


=========================================================================
*                            HDL Analysis                               *
=========================================================================
Analyzing Entity <SpartanHome> in library <work> (Architecture <behavioral>).
Entity <SpartanHome> analyzed. Unit <SpartanHome> generated.

Analyzing Entity <FrequencyDivider_10Hz> in library <work> (Architecture <behavioral>).
Entity <FrequencyDivider_10Hz> analyzed. Unit <FrequencyDivider_10Hz> generated.

Analyzing Entity <FrequencyDivider_5hz> in library <work> (Architecture <behavioral>).
Entity <FrequencyDivider_5hz> analyzed. Unit <FrequencyDivider_5hz> generated.

Analyzing Entity <NoiseFilter> in library <work> (Architecture <behavioral>).
Entity <NoiseFilter> analyzed. Unit <NoiseFilter> generated.

Analyzing Entity <CtrlLogic> in library <work> (Architecture <behavioral>).
WARNING:Xst:819 - "D:/Franco/Documents/UPB/ED/SpartanHome/CtrlLogic.vhd" line 254: One or more signals are missing in the process sensitivity list. To enable synthesis of FPGA/CPLD hardware, XST will assume that all necessary signals are present in the sensitivity list. Please note that the result of the synthesis may differ from the initial design specification. The missing signals are:
   <colontmp_row>, <colontmp_col>
Entity <CtrlLogic> analyzed. Unit <CtrlLogic> generated.

Analyzing Entity <FrequencyDivider_1hz> in library <work> (Architecture <behavioral>).
Entity <FrequencyDivider_1hz> analyzed. Unit <FrequencyDivider_1hz> generated.

Analyzing Entity <Timer> in library <work> (Architecture <behavioral>).
Entity <Timer> analyzed. Unit <Timer> generated.

Analyzing Entity <FrequencyDivider_5000hz> in library <work> (Architecture <behavioral>).
Entity <FrequencyDivider_5000hz> analyzed. Unit <FrequencyDivider_5000hz> generated.

Analyzing Entity <Counter_0to9> in library <work> (Architecture <behavioral>).
Entity <Counter_0to9> analyzed. Unit <Counter_0to9> generated.

Analyzing Entity <Counter_0to5> in library <work> (Architecture <behavioral>).
Entity <Counter_0to5> analyzed. Unit <Counter_0to5> generated.

Analyzing Entity <Counter_0to23> in library <work> (Architecture <behavioral>).
Entity <Counter_0to23> analyzed. Unit <Counter_0to23> generated.

Analyzing Entity <TimerAdjuster> in library <work> (Architecture <behavioral>).
Entity <TimerAdjuster> analyzed. Unit <TimerAdjuster> generated.

Analyzing Entity <BeepCtrl> in library <work> (Architecture <behavioral>).
Entity <BeepCtrl> analyzed. Unit <BeepCtrl> generated.


=========================================================================
*                           HDL Synthesis                               *
=========================================================================

Performing bidirectional port resolution...

Synthesizing Unit <FrequencyDivider_10Hz>.
    Related source file is "D:/Franco/Documents/UPB/ED/SpartanHome/FrequencyDivider_10Hz.vhd".
    Found 1-bit register for signal <clkout>.
    Found 23-bit comparator less for signal <clkout$cmp_lt0000> created at line 53.
    Found 23-bit up counter for signal <count>.
    Found 23-bit comparator less for signal <count$cmp_lt0000> created at line 48.
    Summary:
	inferred   1 Counter(s).
	inferred   1 D-type flip-flop(s).
	inferred   2 Comparator(s).
Unit <FrequencyDivider_10Hz> synthesized.


Synthesizing Unit <FrequencyDivider_5hz>.
    Related source file is "D:/Franco/Documents/UPB/ED/SpartanHome/FrequencyDivider_5hz.vhd".
    Found 1-bit register for signal <clkout>.
    Found 24-bit comparator less for signal <clkout$cmp_lt0000> created at line 53.
    Found 24-bit up counter for signal <count>.
    Found 24-bit comparator less for signal <count$cmp_lt0000> created at line 48.
    Summary:
	inferred   1 Counter(s).
	inferred   1 D-type flip-flop(s).
	inferred   2 Comparator(s).
Unit <FrequencyDivider_5hz> synthesized.


Synthesizing Unit <NoiseFilter>.
    Related source file is "D:/Franco/Documents/UPB/ED/SpartanHome/NoiseFilter.vhd".
    Found 1-bit register for signal <current_state<0>>.
    Summary:
	inferred   1 D-type flip-flop(s).
Unit <NoiseFilter> synthesized.


Synthesizing Unit <BeepCtrl>.
    Related source file is "D:/Franco/Documents/UPB/ED/SpartanHome/BeepCtrl.vhd".
WARNING:Xst:737 - Found 4-bit latch for signal <count>. Latches may be generated from incomplete case or if statements. We do not recommend the use of latches in FPGA/CPLD designs, as they may lead to timing problems.
    Found 4-bit adder for signal <count$add0000> created at line 57.
    Found 1-bit register for signal <current_state<0>>.
    Summary:
	inferred   1 D-type flip-flop(s).
	inferred   1 Adder/Subtractor(s).
Unit <BeepCtrl> synthesized.


Synthesizing Unit <FrequencyDivider_1hz>.
    Related source file is "D:/Franco/Documents/UPB/ED/SpartanHome/FrequencyDivider_1hz.vhd".
    Found 1-bit register for signal <clkout>.
    Found 26-bit comparator less for signal <clkout$cmp_lt0000> created at line 53.
    Found 26-bit up counter for signal <count>.
    Found 26-bit comparator less for signal <count$cmp_lt0000> created at line 48.
    Summary:
	inferred   1 Counter(s).
	inferred   1 D-type flip-flop(s).
	inferred   2 Comparator(s).
Unit <FrequencyDivider_1hz> synthesized.


Synthesizing Unit <FrequencyDivider_5000hz>.
    Related source file is "D:/Franco/Documents/UPB/ED/SpartanHome/FrequencyDivider_5000hz.vhd".
    Found 1-bit register for signal <clkout>.
    Found 14-bit comparator less for signal <clkout$cmp_lt0000> created at line 53.
    Found 14-bit up counter for signal <count>.
    Found 14-bit comparator less for signal <count$cmp_lt0000> created at line 48.
    Summary:
	inferred   1 Counter(s).
	inferred   1 D-type flip-flop(s).
	inferred   2 Comparator(s).
Unit <FrequencyDivider_5000hz> synthesized.


Synthesizing Unit <Counter_0to9>.
    Related source file is "D:/Franco/Documents/UPB/ED/SpartanHome/Counter_0to9.vhd".
    Found finite state machine <FSM_0> for signal <current_state>.
    -----------------------------------------------------------------------
    | States             | 10                                             |
    | Transitions        | 20                                             |
    | Inputs             | 1                                              |
    | Outputs            | 4                                              |
    | Clock              | clk                       (rising_edge)        |
    | Reset              | rst                       (positive)           |
    | Reset type         | asynchronous                                   |
    | Reset State        | q0                                             |
    | Power Up State     | q0                                             |
    | Encoding           | automatic                                      |
    | Implementation     | LUT                                            |
    -----------------------------------------------------------------------
    Summary:
	inferred   1 Finite State Machine(s).
Unit <Counter_0to9> synthesized.


Synthesizing Unit <Counter_0to5>.
    Related source file is "D:/Franco/Documents/UPB/ED/SpartanHome/Counter_0to5.vhd".
    Found finite state machine <FSM_1> for signal <current_state>.
    -----------------------------------------------------------------------
    | States             | 6                                              |
    | Transitions        | 12                                             |
    | Inputs             | 1                                              |
    | Outputs            | 4                                              |
    | Clock              | clk                       (rising_edge)        |
    | Reset              | rst                       (positive)           |
    | Reset type         | asynchronous                                   |
    | Reset State        | q0                                             |
    | Power Up State     | q0                                             |
    | Encoding           | automatic                                      |
    | Implementation     | LUT                                            |
    -----------------------------------------------------------------------
    Summary:
	inferred   1 Finite State Machine(s).
Unit <Counter_0to5> synthesized.


Synthesizing Unit <Counter_0to23>.
    Related source file is "D:/Franco/Documents/UPB/ED/SpartanHome/Counter_0to23.vhd".
    Found finite state machine <FSM_2> for signal <current_state>.
    -----------------------------------------------------------------------
    | States             | 24                                             |
    | Transitions        | 24                                             |
    | Inputs             | 0                                              |
    | Outputs            | 8                                              |
    | Clock              | clk                       (rising_edge)        |
    | Reset              | rst                       (positive)           |
    | Reset type         | asynchronous                                   |
    | Reset State        | q0                                             |
    | Power Up State     | q0                                             |
    | Encoding           | automatic                                      |
    | Implementation     | LUT                                            |
    -----------------------------------------------------------------------
    Summary:
	inferred   1 Finite State Machine(s).
Unit <Counter_0to23> synthesized.


Synthesizing Unit <TimerAdjuster>.
    Related source file is "D:/Franco/Documents/UPB/ED/SpartanHome/TimerAdjuster.vhd".
    Found 4-bit register for signal <f1_m>.
    Found 4-bit register for signal <f1_s>.
    Found 1-bit register for signal <tmp_hc>.
    Found 1-bit xor2 for signal <tmp_hc$xor0000> created at line 76.
    Found 1-bit xor2 for signal <tmp_hc$xor0001> created at line 76.
    Found 1-bit xor2 for signal <tmp_hc$xor0002> created at line 76.
    Found 1-bit xor2 for signal <tmp_hc$xor0003> created at line 76.
    Found 1-bit register for signal <tmp_hp>.
    Found 1-bit register for signal <tmp_mc>.
    Found 1-bit xor2 for signal <tmp_mc$xor0000> created at line 64.
    Found 1-bit xor2 for signal <tmp_mc$xor0001> created at line 64.
    Found 1-bit xor2 for signal <tmp_mc$xor0002> created at line 64.
    Found 1-bit xor2 for signal <tmp_mc$xor0003> created at line 64.
    Found 1-bit register for signal <tmp_mp>.
    Summary:
	inferred  12 D-type flip-flop(s).
Unit <TimerAdjuster> synthesized.


Synthesizing Unit <CtrlLogic>.
    Related source file is "D:/Franco/Documents/UPB/ED/SpartanHome/CtrlLogic.vhd".
WARNING:Xst:1780 - Signal <colon_blink> is never used or assigned. This unconnected signal will be trimmed during the optimization process.
    Found finite state machine <FSM_3> for signal <pr_status>.
    -----------------------------------------------------------------------
    | States             | 100                                            |
    | Transitions        | 103                                            |
    | Inputs             | 3                                              |
    | Outputs            | 101                                            |
    | Clock              | E                         (rising_edge)        |
    | Reset              | rst                       (positive)           |
    | Reset type         | synchronous                                    |
    | Reset State        | fi1a                                           |
    | Power Up State     | fi1a                                           |
    | Encoding           | automatic                                      |
    | Implementation     | LUT                                            |
    -----------------------------------------------------------------------
WARNING:Xst:737 - Found 1-bit latch for signal <tmpMusic>. Latches may be generated from incomplete case or if statements. We do not recommend the use of latches in FPGA/CPLD designs, as they may lead to timing problems.
    Found 16x8-bit ROM for signal <M2$rom0000>.
    Found 16x8-bit ROM for signal <H2$rom0000>.
    Found 1-bit register for signal <E>.
    Found 17-bit register for signal <count>.
    Found 17-bit adder for signal <count$addsub0000> created at line 75.
    Found 17-bit comparator less for signal <count$cmp_lt0000> created at line 74.
    Found 17-bit comparator less for signal <E$cmp_lt0000> created at line 79.
    Found 4-bit comparator greatequal for signal <music$cmp_ge0000> created at line 102.
    Found 4-bit comparator lessequal for signal <music$cmp_le0000> created at line 102.
    Found 4-bit comparator lessequal for signal <tmpLights$cmp_le0000> created at line 89.
    Summary:
	inferred   1 Finite State Machine(s).
	inferred   2 ROM(s).
	inferred  18 D-type flip-flop(s).
	inferred   1 Adder/Subtractor(s).
	inferred   5 Comparator(s).
Unit <CtrlLogic> synthesized.


Synthesizing Unit <Timer>.
    Related source file is "D:/Franco/Documents/UPB/ED/SpartanHome/Timer.vhd".
    Found 4-bit register for signal <f1_m>.
    Found 4-bit register for signal <f1_s>.
    Found 1-bit xor2 for signal <m1_pulse$xor0000> created at line 116.
    Found 1-bit xor2 for signal <m1_pulse$xor0001> created at line 116.
    Found 1-bit xor2 for signal <m1_pulse$xor0002> created at line 116.
    Found 1-bit xor2 for signal <m1_pulse$xor0003> created at line 116.
    Found 1-bit xor2 for signal <s1_pulse$xor0000> created at line 108.
    Found 1-bit xor2 for signal <s1_pulse$xor0001> created at line 108.
    Found 1-bit xor2 for signal <s1_pulse$xor0002> created at line 108.
    Found 1-bit xor2 for signal <s1_pulse$xor0003> created at line 108.
    Summary:
	inferred   8 D-type flip-flop(s).
Unit <Timer> synthesized.


Synthesizing Unit <SpartanHome>.
    Related source file is "D:/Franco/Documents/UPB/ED/SpartanHome/SpartanHome.vhd".
Unit <SpartanHome> synthesized.


=========================================================================
HDL Synthesis Report

Macro Statistics
# ROMs                                                 : 2
 16x8-bit ROM                                          : 2
# Adders/Subtractors                                   : 2
 17-bit adder                                          : 1
 4-bit adder                                           : 1
# Counters                                             : 5
 14-bit up counter                                     : 1
 23-bit up counter                                     : 1
 24-bit up counter                                     : 1
 26-bit up counter                                     : 2
# Registers                                            : 18
 1-bit register                                        : 13
 17-bit register                                       : 1
 4-bit register                                        : 4
# Latches                                              : 2
 1-bit latch                                           : 1
 4-bit latch                                           : 1
# Comparators                                          : 15
 14-bit comparator less                                : 2
 17-bit comparator less                                : 2
 23-bit comparator less                                : 2
 24-bit comparator less                                : 2
 26-bit comparator less                                : 4
 4-bit comparator greatequal                           : 1
 4-bit comparator lessequal                            : 2
# Xors                                                 : 16
 1-bit xor2                                            : 16

=========================================================================

=========================================================================
*                       Advanced HDL Synthesis                          *
=========================================================================

Analyzing FSM <FSM_3> for best encoding.
Optimizing FSM <lcd_display/pr_status/FSM> on signal <pr_status[1:100]> with one-hot encoding.
--------------------------------------------------------------------------------------------------------------------
 State      | Encoding
--------------------------------------------------------------------------------------------------------------------
 fi1a       | 0000000000000000000000000000000000000000000000000000000000000000000000000000000000000000000000000001
 fi1b       | 0000000000000000000000000000000000000000000000000000000000000000000000000000000000000000000000000010
 fi2a       | 0000000000000000000000000000000000000000000000000000000000000000000000000000000000000000000000000100
 fi2b       | 0000000000000000000000000000000000000000000000000000000000000000000000000000000000000000000000001000
 fi3a       | 0000000000000000000000000000000000000000000000000000000000000000000000000000000000000000000000010000
 fi3b       | 0000000000000000000000000000000000000000000000000000000000000000000000000000000000000000000000100000
 bor1       | 0000000000000000000000000000000000000000000000000000000000000000000000000000000000000000000001000000
 bor2       | 0000000000000000000000000000000000000000000000000000000000000000000000000000000000000000000010000000
 cont1      | 0000000000000000000000000000000000000000000000000000000000000000000000000000000000000000000100000000
 cont2      | 0000000000000000000000000000000000000000000000000000000000000000000000000000000000000000001000000000
 mod1       | 0000000000000000000000000000000000000000000000000000000000000000000000000000000000000000010000000000
 mod2       | 0000000000000000000000000000000000000000000000000000000000000000000000000000000000000000100000000000
 sp1_row    | 0000000000000000000000000000000000000000000000000000000000000000000000000000000000000001000000000000
 sp1_col    | 0000000000000000000000000000000000000000000000000000000000000000000000000000000000000010000000000000
 sp2_row    | 0000000000000000000000000000000000000000000000000000000000000000000000000000000000000100000000000000
 sp2_col    | 0000000000000000000000000000000000000000000000000000000000000000000000000000000000001000000000000000
 sp3_row    | 0000000000000000000000000000000000000000000000000000000000000000000000000000000000010000000000000000
 sp3_col    | 0000000000000000000000000000000000000000000000000000000000000000000000000000000000100000000000000000
 sp4_row    | 0000000000000000000000000000000000000000000000000000000000000000000000000000000001000000000000000000
 sp4_col    | 0000000000000000000000000000000000000000000000000000000000000000000000000000000010000000000000000000
 sp5_row    | 0000000000000000000000000000000000000000000000000000000000000000000000000000000100000000000000000000
 sp5_col    | 0000000000000000000000000000000000000000000000000000000000000000000000000000001000000000000000000000
 hour1_row  | 0000000000000000000000000000000000000000000000000000000000000000000000000000010000000000000000000000
 hour1_col  | 0000000000000000000000000000000000000000000000000000000000000000000000000000100000000000000000000000
 hour2_row  | 0000000000000000000000000000000000000000000000000000000000000000000000000001000000000000000000000000
 hour2_col  | 0000000000000000000000000000000000000000000000000000000000000000000000000010000000000000000000000000
 colon1_row | 0000000000000000000000000000000000000000000000000000000000000000000000000100000000000000000000000000
 colon1_col | 0000000000000000000000000000000000000000000000000000000000000000000000001000000000000000000000000000
 min1_row   | 0000000000000000000000000000000000000000000000000000000000000000000000010000000000000000000000000000
 min1_col   | 0000000000000000000000000000000000000000000000000000000000000000000000100000000000000000000000000000
 min2_row   | 0000000000000000000000000000000000000000000000000000000000000000000001000000000000000000000000000000
 min2_col   | 0000000000000000000000000000000000000000000000000000000000000000000010000000000000000000000000000000
 lcdl2_row  | 0000000000000000000000000000000000000000000000000000000000000000000100000000000000000000000000000000
 lcdl2_col  | 0000000000000000000000000000000000000000000000000000000000000000001000000000000000000000000000000000
 f1_row     | 0000000000000000000000000000000000000000000000000000000000000000010000000000000000000000000000000000
 f1_col     | 0000000000000000000000000000000000000000000000000000000000000000100000000000000000000000000000000000
 u1_row     | 0000000000000000000000000000000000000000000000000000000000000001000000000000000000000000000000000000
 u1_col     | 0000000000000000000000000000000000000000000000000000000000000010000000000000000000000000000000000000
 n1_row     | 0000000000000000000000000000000000000000000000000000000000000100000000000000000000000000000000000000
 n1_col     | 0000000000000000000000000000000000000000000000000000000000001000000000000000000000000000000000000000
 c1_row     | 0000000000000000000000000000000000000000000000000000000000010000000000000000000000000000000000000000
 c1_col     | 0000000000000000000000000000000000000000000000000000000000100000000000000000000000000000000000000000
 i1_row     | 0000000000000000000000000000000000000000000000000000000001000000000000000000000000000000000000000000
 i1_col     | 0000000000000000000000000000000000000000000000000000000010000000000000000000000000000000000000000000
 o1_row     | 0000000000000000000000000000000000000000000000000000000100000000000000000000000000000000000000000000
 o1_col     | 0000000000000000000000000000000000000000000000000000001000000000000000000000000000000000000000000000
 n2_row     | 0000000000000000000000000000000000000000000000000000010000000000000000000000000000000000000000000000
 n2_col     | 0000000000000000000000000000000000000000000000000000100000000000000000000000000000000000000000000000
 colon2_row | 0000000000000000000000000000000000000000000000000001000000000000000000000000000000000000000000000000
 colon2_col | 0000000000000000000000000000000000000000000000000010000000000000000000000000000000000000000000000000
 sp6_row    | 0000000000000000000000000000000000000000000000000100000000000000000000000000000000000000000000000000
 sp6_col    | 0000000000000000000000000000000000000000000000001000000000000000000000000000000000000000000000000000
 l1_row     | 0000000000000000000000000000000000000000000000010000000000000000000000000000000000000000000000000000
 l1_col     | 0000000000000000000000000000000000000000000100000000000000000000000000000000000000000000000000000000
 u2_row     | 0000000000000000000000000000000000000000001000000000000000000000000000000000000000000000000000000000
 u2_col     | 0000000000000000000000000000000000000000010000000000000000000000000000000000000000000000000000000000
 c2_row     | 0000000000000000000000000000000000000000100000000000000000000000000000000000000000000000000000000000
 c2_col     | 0000000000000000000000000000000000000001000000000000000000000000000000000000000000000000000000000000
 e1_row     | 0000000000000000000000000000000000000010000000000000000000000000000000000000000000000000000000000000
 e1_col     | 0000000000000000000000000000000000000100000000000000000000000000000000000000000000000000000000000000
 s1_row     | 0000000000000000000000000000000000001000000000000000000000000000000000000000000000000000000000000000
 s1_col     | 0000000000000000000000000000000000010000000000000000000000000000000000000000000000000000000000000000
 a1_row     | 0000000000000000000000000000000000000000000000100000000000000000000000000000000000000000000000000000
 a1_col     | 0000000000000000000000000000000001000000000000000000000000000000000000000000000000000000000000000000
 l2_row     | 0000000000000000000000000000000010000000000000000000000000000000000000000000000000000000000000000000
 l2_col     | 0000000000000000000000000000000100000000000000000000000000000000000000000000000000000000000000000000
 a2_row     | 0000000000000000000000000000001000000000000000000000000000000000000000000000000000000000000000000000
 a2_col     | 0000000000000000000000000000010000000000000000000000000000000000000000000000000000000000000000000000
 r1_row     | 0000000000000000000000000000100000000000000000000000000000000000000000000000000000000000000000000000
 r1_col     | 0000000000000000000000000001000000000000000000000000000000000000000000000000000000000000000000000000
 m1_row     | 0000000000000000000000000010000000000000000000000000000000000000000000000000000000000000000000000000
 m1_col     | 0000000000000000000000000100000000000000000000000000000000000000000000000000000000000000000000000000
 a3_row     | 0000000000000000000000001000000000000000000000000000000000000000000000000000000000000000000000000000
 a3_col     | 0000000000000000000000010000000000000000000000000000000000000000000000000000000000000000000000000000
 m2_row     | 0000000000000000000000000000000000000000000001000000000000000000000000000000000000000000000000000000
 m2_col     | 0000000000000000000000100000000000000000000000000000000000000000000000000000000000000000000000000000
 u3_row     | 0000000000000000000001000000000000000000000000000000000000000000000000000000000000000000000000000000
 u3_col     | 0000000000000000000010000000000000000000000000000000000000000000000000000000000000000000000000000000
 s2_row     | 0000000000000000000100000000000000000000000000000000000000000000000000000000000000000000000000000000
 s2_col     | 0000000000000000001000000000000000000000000000000000000000000000000000000000000000000000000000000000
 i2_row     | 0000000000000000010000000000000000000000000000000000000000000000000000000000000000000000000000000000
 i2_col     | 0000000000000000100000000000000000000000000000000000000000000000000000000000000000000000000000000000
 c3_row     | 0000000000000001000000000000000000000000000000000000000000000000000000000000000000000000000000000000
 c3_col     | 0000000000000010000000000000000000000000000000000000000000000000000000000000000000000000000000000000
 a4_row     | 0000000000000100000000000000000000000000000000000000000000000000000000000000000000000000000000000000
 a4_col     | 0000000000001000000000000000000000000000000000000000000000000000000000000000000000000000000000000000
 bar1_row   | 0000000000000000000000000000000000000000000010000000000000000000000000000000000000000000000000000000
 bar1_col   | 0000000000010000000000000000000000000000000000000000000000000000000000000000000000000000000000000000
 bar2_row   | 0000000000100000000000000000000000000000000000000000000000000000000000000000000000000000000000000000
 bar2_col   | 0000000001000000000000000000000000000000000000000000000000000000000000000000000000000000000000000000
 bar3_row   | 0000000010000000000000000000000000000000000000000000000000000000000000000000000000000000000000000000
 bar3_col   | 0000000100000000000000000000000000000000000000000000000000000000000000000000000000000000000000000000
 bar4_row   | 0000001000000000000000000000000000000000000000000000000000000000000000000000000000000000000000000000
 bar4_col   | 0000010000000000000000000000000000000000000000000000000000000000000000000000000000000000000000000000
 bar5_row   | 0000100000000000000000000000000000000000000000000000000000000000000000000000000000000000000000000000
 bar5_col   | 0001000000000000000000000000000000000000000000000000000000000000000000000000000000000000000000000000
 bar6_row   | 0010000000000000000000000000000000000000000000000000000000000000000000000000000000000000000000000000
 bar6_col   | 0100000000000000000000000000000000000000000000000000000000000000000000000000000000000000000000000000
 r1         | 0000000000000000000000000000000000100000000000000000000000000000000000000000000000000000000000000000
 r2         | 1000000000000000000000000000000000000000000000000000000000000000000000000000000000000000000000000000
--------------------------------------------------------------------------------------------------------------------
Analyzing FSM <FSM_2> for best encoding.
Optimizing FSM <timer_ctrl/hours/current_state/FSM> on signal <current_state[1:5]> with user encoding.
-------------------
 State | Encoding
-------------------
 q0    | 00000
 q1    | 00001
 q2    | 00010
 q3    | 00011
 q4    | 00100
 q5    | 00101
 q6    | 00110
 q7    | 00111
 q8    | 01000
 q9    | 01001
 q10   | 01010
 q11   | 01011
 q12   | 01100
 q13   | 01101
 q14   | 01110
 q15   | 01111
 q16   | 10000
 q17   | 10001
 q18   | 10010
 q19   | 10011
 q20   | 10100
 q21   | 10101
 q22   | 10110
 q23   | 10111
-------------------
Analyzing FSM <FSM_1> for best encoding.
Optimizing FSM <timer_ctrl/seconds_tens/current_state/FSM> on signal <current_state[1:3]> with user encoding.
Optimizing FSM <timer_ctrl/minutes_tens/current_state/FSM> on signal <current_state[1:3]> with user encoding.
-------------------
 State | Encoding
-------------------
 q0    | 000
 q1    | 001
 q2    | 010
 q3    | 011
 q4    | 100
 q5    | 101
-------------------
Analyzing FSM <FSM_0> for best encoding.
Optimizing FSM <timer_ctrl/seconds_units/current_state/FSM> on signal <current_state[1:4]> with user encoding.
Optimizing FSM <timer_ctrl/minutes_units/current_state/FSM> on signal <current_state[1:4]> with user encoding.
-------------------
 State | Encoding
-------------------
 q0    | 0000
 q1    | 0001
 q2    | 0010
 q3    | 0011
 q4    | 0100
 q5    | 0101
 q6    | 0110
 q7    | 0111
 q8    | 1000
 q9    | 1001
-------------------
WARNING:Xst:1293 - FF/Latch <f1_s_3> has a constant value of 0 in block <adjuster>. This FF/Latch will be trimmed during the optimization process.
WARNING:Xst:1293 - FF/Latch <f1_m_3> has a constant value of 0 in block <adjuster>. This FF/Latch will be trimmed during the optimization process.

=========================================================================
Advanced HDL Synthesis Report

Macro Statistics
# FSMs                                                 : 4
# ROMs                                                 : 2
 16x8-bit ROM                                          : 2
# Adders/Subtractors                                   : 2
 17-bit adder                                          : 1
 4-bit adder                                           : 1
# Counters                                             : 5
 14-bit up counter                                     : 1
 23-bit up counter                                     : 1
 24-bit up counter                                     : 1
 26-bit up counter                                     : 2
# Registers                                            : 46
 Flip-Flops                                            : 46
# Latches                                              : 2
 1-bit latch                                           : 1
 4-bit latch                                           : 1
# Comparators                                          : 15
 14-bit comparator less                                : 2
 17-bit comparator less                                : 2
 23-bit comparator less                                : 2
 24-bit comparator less                                : 2
 26-bit comparator less                                : 4
 4-bit comparator greatequal                           : 1
 4-bit comparator lessequal                            : 2
# Xors                                                 : 16
 1-bit xor2                                            : 16

=========================================================================

=========================================================================
*                         Low Level Synthesis                           *
=========================================================================
INFO:Xst:2261 - The FF/Latch <f1_m_3> in Unit <TimerAdjuster> is equivalent to the following FF/Latch, which will be removed : <f1_s_3> 
WARNING:Xst:1293 - FF/Latch <f1_m_3> has a constant value of 0 in block <TimerAdjuster>. This FF/Latch will be trimmed during the optimization process.
WARNING:Xst:2677 - Node <beeper/count_3> of sequential type is unconnected in block <SpartanHome>.
WARNING:Xst:2677 - Node <beeper/count_2> of sequential type is unconnected in block <SpartanHome>.
WARNING:Xst:2677 - Node <beeper/count_1> of sequential type is unconnected in block <SpartanHome>.
WARNING:Xst:2677 - Node <beeper/count_0> of sequential type is unconnected in block <SpartanHome>.

Optimizing unit <SpartanHome> ...

Optimizing unit <TimerAdjuster> ...

Optimizing unit <CtrlLogic> ...

Optimizing unit <Timer> ...

Mapping all equations...
Building and optimizing final netlist ...
Found area constraint ratio of 100 (+ 5) on block SpartanHome, actual ratio is 5.

Final Macro Processing ...

=========================================================================
Final Register Report

Macro Statistics
# Registers                                            : 276
 Flip-Flops                                            : 276

=========================================================================

=========================================================================
*                           Partition Report                            *
=========================================================================

Partition Implementation Status
-------------------------------

  No Partitions were found in this design.

-------------------------------

=========================================================================
*                            Final Report                               *
=========================================================================
Final Results
RTL Top Level Output File Name     : SpartanHome.ngr
Top Level Output File Name         : SpartanHome
Output Format                      : NGC
Optimization Goal                  : Speed
Keep Hierarchy                     : No

Design Statistics
# IOs                              : 15

Cell Usage :
# BELS                             : 768
#      GND                         : 1
#      INV                         : 39
#      LUT1                        : 157
#      LUT2                        : 54
#      LUT3                        : 39
#      LUT4                        : 94
#      MUXCY                       : 249
#      MUXF5                       : 4
#      VCC                         : 1
#      XORCY                       : 130
# FlipFlops/Latches                : 277
#      FD                          : 17
#      FDC                         : 36
#      FDCE                        : 4
#      FDR                         : 216
#      FDRS                        : 2
#      FDS                         : 1
#      LD                          : 1
# Clock Buffers                    : 2
#      BUFG                        : 1
#      BUFGP                       : 1
# IO Buffers                       : 14
#      IBUF                        : 3
#      OBUF                        : 11
=========================================================================

Device utilization summary:
---------------------------

Selected Device : 3s500efg320-4 

 Number of Slices:                      233  out of   4656     5%  
 Number of Slice Flip Flops:            275  out of   9312     2%  
 Number of 4 input LUTs:                383  out of   9312     4%  
 Number of IOs:                          15
 Number of bonded IOBs:                  15  out of    232     6%  
    IOB Flip Flops:                       2
 Number of GCLKs:                         2  out of     24     8%  

---------------------------
Partition Resource Summary:
---------------------------

  No Partitions were found in this design.

---------------------------


=========================================================================
TIMING REPORT

NOTE: THESE TIMING NUMBERS ARE ONLY A SYNTHESIS ESTIMATE.
      FOR ACCURATE TIMING INFORMATION PLEASE REFER TO THE TRACE REPORT
      GENERATED AFTER PLACE-and-ROUTE.

Clock Information:
------------------
-------------------------------------------------------------+---------------------------------------------------------+-------+
Clock Signal                                                 | Clock buffer(FF name)                                   | Load  |
-------------------------------------------------------------+---------------------------------------------------------+-------+
clk                                                          | BUFGP                                                   | 136   |
divider_button/clkout                                        | NONE(filter_hours/current_state_0)                      | 2     |
divider_beep/clkout                                          | NONE(beeper/current_state_0)                            | 1     |
lcd_display/E1                                               | BUFG                                                    | 100   |
lcd_display/tmpMusic_not0001(lcd_display/tmpMusic_not00011:O)| NONE(*)(lcd_display/tmpMusic)                           | 1     |
timer_ctrl/divider_5000hz/clkout                             | NONE(timer_ctrl/adjuster/tmp_hc)                        | 18    |
timer_ctrl/m0_pulse(timer_ctrl/adjuster/m_pulse1:O)          | NONE(*)(timer_ctrl/minutes_units/current_state_FSM_FFd4)| 4     |
timer_ctrl/divider_1hz/clkout                                | NONE(timer_ctrl/seconds_units/current_state_FSM_FFd4)   | 4     |
timer_ctrl/h_pulse(timer_ctrl/adjuster/h_pulse1:O)           | NONE(*)(timer_ctrl/hours/current_state_FSM_FFd5)        | 5     |
timer_ctrl/s1_pulse(timer_ctrl/s1_pulse_and000021_f5:O)      | NONE(*)(timer_ctrl/seconds_tens/current_state_FSM_FFd3) | 3     |
timer_ctrl/m1_pulse(timer_ctrl/m1_pulse_and000021_f5:O)      | NONE(*)(timer_ctrl/minutes_tens/current_state_FSM_FFd3) | 3     |
-------------------------------------------------------------+---------------------------------------------------------+-------+
(*) These 5 clock signal(s) are generated by combinatorial logic,
and XST is not able to identify which are the primary clock signals.
Please use the CLOCK_SIGNAL constraint to specify the clock signal(s) generated by combinatorial logic.
INFO:Xst:2169 - HDL ADVISOR - Some clock signals were not automatically buffered by XST with BUFG/BUFR resources. Please use the buffer_type constraint in order to insert these buffers to the clock signals to help prevent skew problems.

Asynchronous Control Signals Information:
----------------------------------------
-----------------------------------+------------------------+-------+
Control Signal                     | Buffer(FF name)        | Load  |
-----------------------------------+------------------------+-------+
rst                                | IBUF                   | 40    |
-----------------------------------+------------------------+-------+

Timing Summary:
---------------
Speed Grade: -4

   Minimum period: 9.521ns (Maximum Frequency: 105.031MHz)
   Minimum input arrival time before clock: 3.425ns
   Maximum output required time after clock: 11.471ns
   Maximum combinational path delay: No path found

Timing Detail:
--------------
All values displayed in nanoseconds (ns)

=========================================================================
Timing constraint: Default period analysis for Clock 'clk'
  Clock period: 9.521ns (frequency: 105.031MHz)
  Total number of paths / destination ports: 4719 / 249
-------------------------------------------------------------------------
Delay:               9.521ns (Levels of Logic = 17)
  Source:            lcd_display/count_1 (FF)
  Destination:       lcd_display/E (FF)
  Source Clock:      clk rising
  Destination Clock: clk rising

  Data Path: lcd_display/count_1 to lcd_display/E
                                Gate     Net
    Cell:in->out      fanout   Delay   Delay  Logical Name (Net Name)
    ----------------------------------------  ------------
     FD:C->Q               1   0.591   0.595  lcd_display/count_1 (lcd_display/count_1)
     LUT1:I0->O            1   0.704   0.000  lcd_display/Madd_count_addsub0000_cy<1>_rt (lcd_display/Madd_count_addsub0000_cy<1>_rt)
     MUXCY:S->O            1   0.464   0.000  lcd_display/Madd_count_addsub0000_cy<1> (lcd_display/Madd_count_addsub0000_cy<1>)
     MUXCY:CI->O           1   0.059   0.000  lcd_display/Madd_count_addsub0000_cy<2> (lcd_display/Madd_count_addsub0000_cy<2>)
     MUXCY:CI->O           1   0.059   0.000  lcd_display/Madd_count_addsub0000_cy<3> (lcd_display/Madd_count_addsub0000_cy<3>)
     MUXCY:CI->O           1   0.059   0.000  lcd_display/Madd_count_addsub0000_cy<4> (lcd_display/Madd_count_addsub0000_cy<4>)
     MUXCY:CI->O           1   0.059   0.000  lcd_display/Madd_count_addsub0000_cy<5> (lcd_display/Madd_count_addsub0000_cy<5>)
     MUXCY:CI->O           1   0.059   0.000  lcd_display/Madd_count_addsub0000_cy<6> (lcd_display/Madd_count_addsub0000_cy<6>)
     MUXCY:CI->O           1   0.059   0.000  lcd_display/Madd_count_addsub0000_cy<7> (lcd_display/Madd_count_addsub0000_cy<7>)
     MUXCY:CI->O           1   0.059   0.000  lcd_display/Madd_count_addsub0000_cy<8> (lcd_display/Madd_count_addsub0000_cy<8>)
     MUXCY:CI->O           1   0.059   0.000  lcd_display/Madd_count_addsub0000_cy<9> (lcd_display/Madd_count_addsub0000_cy<9>)
     XORCY:CI->O           2   0.804   0.622  lcd_display/Madd_count_addsub0000_xor<10> (lcd_display/count_addsub0000<10>)
     LUT2:I0->O            1   0.704   0.424  lcd_display/Mcompar_E_cmp_lt0000_lut<5>_SW0 (N15)
     LUT4:I3->O            1   0.704   0.000  lcd_display/Mcompar_E_cmp_lt0000_lut<5> (lcd_display/Mcompar_E_cmp_lt0000_lut<5>)
     MUXCY:S->O            1   0.464   0.000  lcd_display/Mcompar_E_cmp_lt0000_cy<5> (lcd_display/Mcompar_E_cmp_lt0000_cy<5>)
     MUXCY:CI->O           1   0.059   0.000  lcd_display/Mcompar_E_cmp_lt0000_cy<6> (lcd_display/Mcompar_E_cmp_lt0000_cy<6>)
     MUXCY:CI->O           1   0.459   0.420  lcd_display/Mcompar_E_cmp_lt0000_cy<7> (lcd_display/Mcompar_E_cmp_lt0000_cy<7>)
     INV:I->O              1   0.704   0.420  lcd_display/Mcompar_E_cmp_lt0000_cy<7>_inv_INV_0 (lcd_display/E_cmp_lt0000)
     FDR:R                     0.911          lcd_display/E
    ----------------------------------------
    Total                      9.521ns (7.040ns logic, 2.481ns route)
                                       (73.9% logic, 26.1% route)

=========================================================================
Timing constraint: Default period analysis for Clock 'divider_beep/clkout'
  Clock period: 2.225ns (frequency: 449.438MHz)
  Total number of paths / destination ports: 1 / 1
-------------------------------------------------------------------------
Delay:               2.225ns (Levels of Logic = 1)
  Source:            beeper/current_state_0 (FF)
  Destination:       beeper/current_state_0 (FF)
  Source Clock:      divider_beep/clkout rising
  Destination Clock: divider_beep/clkout rising

  Data Path: beeper/current_state_0 to beeper/current_state_0
                                Gate     Net
    Cell:in->out      fanout   Delay   Delay  Logical Name (Net Name)
    ----------------------------------------  ------------
     FDC:C->Q              2   0.591   0.622  beeper/current_state_0 (beeper/current_state_0)
     LUT3:I0->O            1   0.704   0.000  beeper/next_state_0_mux00001 (beeper/next_state)
     FDC:D                     0.308          beeper/current_state_0
    ----------------------------------------
    Total                      2.225ns (1.603ns logic, 0.622ns route)
                                       (72.0% logic, 28.0% route)

=========================================================================
Timing constraint: Default period analysis for Clock 'lcd_display/E1'
  Clock period: 2.365ns (frequency: 422.833MHz)
  Total number of paths / destination ports: 103 / 101
-------------------------------------------------------------------------
Delay:               2.365ns (Levels of Logic = 1)
  Source:            lcd_display/pr_status_FSM_FFd49 (FF)
  Destination:       lcd_display/pr_status_FSM_FFd45 (FF)
  Source Clock:      lcd_display/E1 rising
  Destination Clock: lcd_display/E1 rising

  Data Path: lcd_display/pr_status_FSM_FFd49 to lcd_display/pr_status_FSM_FFd45
                                Gate     Net
    Cell:in->out      fanout   Delay   Delay  Logical Name (Net Name)
    ----------------------------------------  ------------
     FDR:C->Q              4   0.591   0.762  lcd_display/pr_status_FSM_FFd49 (lcd_display/pr_status_FSM_FFd49)
     LUT4:I0->O            1   0.704   0.000  lcd_display/pr_status_FSM_FFd45-In1 (lcd_display/pr_status_FSM_FFd45-In)
     FDR:D                     0.308          lcd_display/pr_status_FSM_FFd45
    ----------------------------------------
    Total                      2.365ns (1.603ns logic, 0.762ns route)
                                       (67.8% logic, 32.2% route)

=========================================================================
Timing constraint: Default period analysis for Clock 'timer_ctrl/divider_5000hz/clkout'
  Clock period: 3.326ns (frequency: 300.661MHz)
  Total number of paths / destination ports: 6 / 2
-------------------------------------------------------------------------
Delay:               3.326ns (Levels of Logic = 2)
  Source:            timer_ctrl/adjuster/f1_m_1 (FF)
  Destination:       timer_ctrl/adjuster/tmp_hc (FF)
  Source Clock:      timer_ctrl/divider_5000hz/clkout rising
  Destination Clock: timer_ctrl/divider_5000hz/clkout rising

  Data Path: timer_ctrl/adjuster/f1_m_1 to timer_ctrl/adjuster/tmp_hc
                                Gate     Net
    Cell:in->out      fanout   Delay   Delay  Logical Name (Net Name)
    ----------------------------------------  ------------
     FDC:C->Q              1   0.591   0.595  timer_ctrl/adjuster/f1_m_1 (timer_ctrl/adjuster/f1_m_1)
     LUT3:I0->O            1   0.704   0.424  timer_ctrl/adjuster/tmp_hc_and0000_SW0 (N2)
     LUT4:I3->O            1   0.704   0.000  timer_ctrl/adjuster/tmp_hc_and0000 (timer_ctrl/adjuster/tmp_hc_and0000)
     FDC:D                     0.308          timer_ctrl/adjuster/tmp_hc
    ----------------------------------------
    Total                      3.326ns (2.307ns logic, 1.019ns route)
                                       (69.4% logic, 30.6% route)

=========================================================================
Timing constraint: Default period analysis for Clock 'timer_ctrl/m0_pulse'
  Clock period: 2.780ns (frequency: 359.712MHz)
  Total number of paths / destination ports: 11 / 5
-------------------------------------------------------------------------
Delay:               2.780ns (Levels of Logic = 1)
  Source:            timer_ctrl/minutes_units/current_state_FSM_FFd4 (FF)
  Destination:       timer_ctrl/minutes_units/current_state_FSM_FFd4 (FF)
  Source Clock:      timer_ctrl/m0_pulse rising
  Destination Clock: timer_ctrl/m0_pulse rising

  Data Path: timer_ctrl/minutes_units/current_state_FSM_FFd4 to timer_ctrl/minutes_units/current_state_FSM_FFd4
                                Gate     Net
    Cell:in->out      fanout   Delay   Delay  Logical Name (Net Name)
    ----------------------------------------  ------------
     FDC:C->Q              8   0.591   0.757  timer_ctrl/minutes_units/current_state_FSM_FFd4 (timer_ctrl/minutes_units/current_state_FSM_FFd4)
     INV:I->O              1   0.704   0.420  timer_ctrl/minutes_units/current_state_FSM_FFd4-In1_INV_0 (timer_ctrl/minutes_units/current_state_FSM_FFd4-In)
     FDC:D                     0.308          timer_ctrl/minutes_units/current_state_FSM_FFd4
    ----------------------------------------
    Total                      2.780ns (1.603ns logic, 1.177ns route)
                                       (57.7% logic, 42.3% route)

=========================================================================
Timing constraint: Default period analysis for Clock 'timer_ctrl/divider_1hz/clkout'
  Clock period: 2.692ns (frequency: 371.471MHz)
  Total number of paths / destination ports: 11 / 5
-------------------------------------------------------------------------
Delay:               2.692ns (Levels of Logic = 1)
  Source:            timer_ctrl/seconds_units/current_state_FSM_FFd4 (FF)
  Destination:       timer_ctrl/seconds_units/current_state_FSM_FFd4 (FF)
  Source Clock:      timer_ctrl/divider_1hz/clkout rising
  Destination Clock: timer_ctrl/divider_1hz/clkout rising

  Data Path: timer_ctrl/seconds_units/current_state_FSM_FFd4 to timer_ctrl/seconds_units/current_state_FSM_FFd4
                                Gate     Net
    Cell:in->out      fanout   Delay   Delay  Logical Name (Net Name)
    ----------------------------------------  ------------
     FDC:C->Q              6   0.591   0.669  timer_ctrl/seconds_units/current_state_FSM_FFd4 (timer_ctrl/seconds_units/current_state_FSM_FFd4)
     INV:I->O              1   0.704   0.420  timer_ctrl/seconds_units/current_state_FSM_FFd4-In1_INV_0 (timer_ctrl/seconds_units/current_state_FSM_FFd4-In)
     FDC:D                     0.308          timer_ctrl/seconds_units/current_state_FSM_FFd4
    ----------------------------------------
    Total                      2.692ns (1.603ns logic, 1.089ns route)
                                       (59.5% logic, 40.5% route)

=========================================================================
Timing constraint: Default period analysis for Clock 'timer_ctrl/h_pulse'
  Clock period: 4.042ns (frequency: 247.402MHz)
  Total number of paths / destination ports: 16 / 5
-------------------------------------------------------------------------
Delay:               4.042ns (Levels of Logic = 2)
  Source:            timer_ctrl/hours/current_state_FSM_FFd3 (FF)
  Destination:       timer_ctrl/hours/current_state_FSM_FFd1 (FF)
  Source Clock:      timer_ctrl/h_pulse rising
  Destination Clock: timer_ctrl/h_pulse rising

  Data Path: timer_ctrl/hours/current_state_FSM_FFd3 to timer_ctrl/hours/current_state_FSM_FFd1
                                Gate     Net
    Cell:in->out      fanout   Delay   Delay  Logical Name (Net Name)
    ----------------------------------------  ------------
     FDC:C->Q             16   0.591   1.113  timer_ctrl/hours/current_state_FSM_FFd3 (timer_ctrl/hours/current_state_FSM_FFd3)
     LUT3:I1->O            2   0.704   0.622  timer_ctrl/hours/current_state_FSM_FFd2-In11 (timer_ctrl/N2)
     LUT3:I0->O            1   0.704   0.000  timer_ctrl/hours/current_state_FSM_FFd1-In1 (timer_ctrl/hours/current_state_FSM_FFd1-In)
     FDC:D                     0.308          timer_ctrl/hours/current_state_FSM_FFd1
    ----------------------------------------
    Total                      4.042ns (2.307ns logic, 1.735ns route)
                                       (57.1% logic, 42.9% route)

=========================================================================
Timing constraint: Default period analysis for Clock 'timer_ctrl/s1_pulse'
  Clock period: 2.656ns (frequency: 376.506MHz)
  Total number of paths / destination ports: 6 / 4
-------------------------------------------------------------------------
Delay:               2.656ns (Levels of Logic = 1)
  Source:            timer_ctrl/seconds_tens/current_state_FSM_FFd3 (FF)
  Destination:       timer_ctrl/seconds_tens/current_state_FSM_FFd3 (FF)
  Source Clock:      timer_ctrl/s1_pulse rising
  Destination Clock: timer_ctrl/s1_pulse rising

  Data Path: timer_ctrl/seconds_tens/current_state_FSM_FFd3 to timer_ctrl/seconds_tens/current_state_FSM_FFd3
                                Gate     Net
    Cell:in->out      fanout   Delay   Delay  Logical Name (Net Name)
    ----------------------------------------  ------------
     FDC:C->Q              5   0.591   0.633  timer_ctrl/seconds_tens/current_state_FSM_FFd3 (timer_ctrl/seconds_tens/current_state_FSM_FFd3)
     INV:I->O              1   0.704   0.420  timer_ctrl/seconds_tens/current_state_FSM_FFd3-In1_INV_0 (timer_ctrl/seconds_tens/current_state_FSM_FFd3-In)
     FDC:D                     0.308          timer_ctrl/seconds_tens/current_state_FSM_FFd3
    ----------------------------------------
    Total                      2.656ns (1.603ns logic, 1.053ns route)
                                       (60.4% logic, 39.6% route)

=========================================================================
Timing constraint: Default period analysis for Clock 'timer_ctrl/m1_pulse'
  Clock period: 2.731ns (frequency: 366.166MHz)
  Total number of paths / destination ports: 6 / 4
-------------------------------------------------------------------------
Delay:               2.731ns (Levels of Logic = 1)
  Source:            timer_ctrl/minutes_tens/current_state_FSM_FFd3 (FF)
  Destination:       timer_ctrl/minutes_tens/current_state_FSM_FFd3 (FF)
  Source Clock:      timer_ctrl/m1_pulse rising
  Destination Clock: timer_ctrl/m1_pulse rising

  Data Path: timer_ctrl/minutes_tens/current_state_FSM_FFd3 to timer_ctrl/minutes_tens/current_state_FSM_FFd3
                                Gate     Net
    Cell:in->out      fanout   Delay   Delay  Logical Name (Net Name)
    ----------------------------------------  ------------
     FDC:C->Q              7   0.591   0.708  timer_ctrl/minutes_tens/current_state_FSM_FFd3 (timer_ctrl/minutes_tens/current_state_FSM_FFd3)
     INV:I->O              1   0.704   0.420  timer_ctrl/minutes_tens/current_state_FSM_FFd3-In1_INV_0 (timer_ctrl/minutes_tens/current_state_FSM_FFd3-In)
     FDC:D                     0.308          timer_ctrl/minutes_tens/current_state_FSM_FFd3
    ----------------------------------------
    Total                      2.731ns (1.603ns logic, 1.128ns route)
                                       (58.7% logic, 41.3% route)

=========================================================================
Timing constraint: Default OFFSET IN BEFORE for Clock 'divider_button/clkout'
  Total number of paths / destination ports: 2 / 2
-------------------------------------------------------------------------
Offset:              1.946ns (Levels of Logic = 1)
  Source:            H (PAD)
  Destination:       filter_hours/current_state_0 (FF)
  Destination Clock: divider_button/clkout rising

  Data Path: H to filter_hours/current_state_0
                                Gate     Net
    Cell:in->out      fanout   Delay   Delay  Logical Name (Net Name)
    ----------------------------------------  ------------
     IBUF:I->O             1   1.218   0.420  H_IBUF (H_IBUF)
     FDC:D                     0.308          filter_hours/current_state_0
    ----------------------------------------
    Total                      1.946ns (1.526ns logic, 0.420ns route)
                                       (78.4% logic, 21.6% route)

=========================================================================
Timing constraint: Default OFFSET IN BEFORE for Clock 'lcd_display/E1'
  Total number of paths / destination ports: 100 / 100
-------------------------------------------------------------------------
Offset:              3.425ns (Levels of Logic = 1)
  Source:            rst (PAD)
  Destination:       lcd_display/pr_status_FSM_FFd49 (FF)
  Destination Clock: lcd_display/E1 rising

  Data Path: rst to lcd_display/pr_status_FSM_FFd49
                                Gate     Net
    Cell:in->out      fanout   Delay   Delay  Logical Name (Net Name)
    ----------------------------------------  ------------
     IBUF:I->O           140   1.218   1.296  rst_IBUF (rst_IBUF)
     FDR:R                     0.911          lcd_display/pr_status_FSM_FFd47
    ----------------------------------------
    Total                      3.425ns (2.129ns logic, 1.296ns route)
                                       (62.2% logic, 37.8% route)

=========================================================================
Timing constraint: Default OFFSET OUT AFTER for Clock 'clk'
  Total number of paths / destination ports: 4 / 4
-------------------------------------------------------------------------
Offset:              9.183ns (Levels of Logic = 5)
  Source:            lcd_display/divider_1hz/clkout (FF)
  Destination:       DB<1> (PAD)
  Source Clock:      clk rising

  Data Path: lcd_display/divider_1hz/clkout to DB<1>
                                Gate     Net
    Cell:in->out      fanout   Delay   Delay  Logical Name (Net Name)
    ----------------------------------------  ------------
     FDR:C->Q              3   0.591   0.610  lcd_display/divider_1hz/clkout (lcd_display/divider_1hz/clkout)
     LUT4:I1->O            1   0.704   0.424  lcd_display/DB<1>48_SW0 (N25)
     LUT4:I3->O            1   0.704   0.455  lcd_display/DB<1>48 (lcd_display/DB<1>48)
     LUT3:I2->O            1   0.704   0.595  lcd_display/DB<1>68 (lcd_display/DB<1>68)
     LUT3:I0->O            1   0.704   0.420  lcd_display/DB<1>156 (DB_1_OBUF)
     OBUF:I->O                 3.272          DB_1_OBUF (DB<1>)
    ----------------------------------------
    Total                      9.183ns (6.679ns logic, 2.504ns route)
                                       (72.7% logic, 27.3% route)

=========================================================================
Timing constraint: Default OFFSET OUT AFTER for Clock 'timer_ctrl/h_pulse'
  Total number of paths / destination ports: 116 / 6
-------------------------------------------------------------------------
Offset:              10.310ns (Levels of Logic = 5)
  Source:            timer_ctrl/hours/current_state_FSM_FFd1 (FF)
  Destination:       music (PAD)
  Source Clock:      timer_ctrl/h_pulse rising

  Data Path: timer_ctrl/hours/current_state_FSM_FFd1 to music
                                Gate     Net
    Cell:in->out      fanout   Delay   Delay  Logical Name (Net Name)
    ----------------------------------------  ------------
     FDC:C->Q             16   0.591   1.209  timer_ctrl/hours/current_state_FSM_FFd1 (timer_ctrl/hours/current_state_FSM_FFd1)
     LUT4:I0->O            5   0.704   0.637  timer_ctrl/hours/current_state_FSM_Out61 (h0<1>)
     LUT4:I3->O            2   0.704   0.482  lcd_display/tmpLights_or00006 (lcd_display/tmpLights_or00006)
     LUT4:I2->O            7   0.704   0.883  lcd_display/tmpLights_or000033 (lights_OBUF)
     LUT3:I0->O            1   0.704   0.420  lcd_display/music2 (music_OBUF)
     OBUF:I->O                 3.272          music_OBUF (music)
    ----------------------------------------
    Total                     10.310ns (6.679ns logic, 3.631ns route)
                                       (64.8% logic, 35.2% route)

=========================================================================
Timing constraint: Default OFFSET OUT AFTER for Clock 'timer_ctrl/m1_pulse'
  Total number of paths / destination ports: 14 / 4
-------------------------------------------------------------------------
Offset:              10.429ns (Levels of Logic = 6)
  Source:            timer_ctrl/minutes_tens/current_state_FSM_FFd1 (FF)
  Destination:       DB<0> (PAD)
  Source Clock:      timer_ctrl/m1_pulse rising

  Data Path: timer_ctrl/minutes_tens/current_state_FSM_FFd1 to DB<0>
                                Gate     Net
    Cell:in->out      fanout   Delay   Delay  Logical Name (Net Name)
    ----------------------------------------  ------------
     FDCE:C->Q             9   0.591   0.899  timer_ctrl/minutes_tens/current_state_FSM_FFd1 (timer_ctrl/minutes_tens/current_state_FSM_FFd1)
     LUT3:I1->O            1   0.704   0.424  lcd_display/DB<0>84_SW0 (N23)
     LUT4:I3->O            1   0.704   0.424  lcd_display/DB<0>84 (lcd_display/DB<0>84)
     LUT4:I3->O            1   0.704   0.455  lcd_display/DB<0>97 (lcd_display/DB<0>97)
     LUT3:I2->O            1   0.704   0.424  lcd_display/DB<0>141 (lcd_display/DB<0>141)
     LUT4:I3->O            1   0.704   0.420  lcd_display/DB<0>167 (DB_0_OBUF)
     OBUF:I->O                 3.272          DB_0_OBUF (DB<0>)
    ----------------------------------------
    Total                     10.429ns (7.383ns logic, 3.046ns route)
                                       (70.8% logic, 29.2% route)

=========================================================================
Timing constraint: Default OFFSET OUT AFTER for Clock 'timer_ctrl/m0_pulse'
  Total number of paths / destination ports: 19 / 5
-------------------------------------------------------------------------
Offset:              9.907ns (Levels of Logic = 5)
  Source:            timer_ctrl/minutes_units/current_state_FSM_FFd3 (FF)
  Destination:       music (PAD)
  Source Clock:      timer_ctrl/m0_pulse rising

  Data Path: timer_ctrl/minutes_units/current_state_FSM_FFd3 to music
                                Gate     Net
    Cell:in->out      fanout   Delay   Delay  Logical Name (Net Name)
    ----------------------------------------  ------------
     FDC:C->Q              9   0.591   0.995  timer_ctrl/minutes_units/current_state_FSM_FFd3 (timer_ctrl/minutes_units/current_state_FSM_FFd3)
     LUT2:I0->O            3   0.704   0.566  lcd_display/music_and000021 (lcd_display/N25)
     LUT4:I2->O            1   0.704   0.499  lcd_display/music_and000037_SW0 (N19)
     LUT4:I1->O            6   0.704   0.748  lcd_display/music_and000037 (lcd_display/music_and0000)
     LUT3:I1->O            1   0.704   0.420  lcd_display/music2 (music_OBUF)
     OBUF:I->O                 3.272          music_OBUF (music)
    ----------------------------------------
    Total                      9.907ns (6.679ns logic, 3.228ns route)
                                       (67.4% logic, 32.6% route)

=========================================================================
Timing constraint: Default OFFSET OUT AFTER for Clock 'lcd_display/E1'
  Total number of paths / destination ports: 202 / 5
-------------------------------------------------------------------------
Offset:              11.471ns (Levels of Logic = 8)
  Source:            lcd_display/pr_status_FSM_FFd37 (FF)
  Destination:       DB<1> (PAD)
  Source Clock:      lcd_display/E1 rising

  Data Path: lcd_display/pr_status_FSM_FFd37 to DB<1>
                                Gate     Net
    Cell:in->out      fanout   Delay   Delay  Logical Name (Net Name)
    ----------------------------------------  ------------
     FDR:C->Q              2   0.591   0.622  lcd_display/pr_status_FSM_FFd37 (lcd_display/pr_status_FSM_FFd37)
     LUT3:I0->O            1   0.704   0.424  lcd_display/DB<0>6_SW0 (N10)
     LUT4:I3->O            2   0.704   0.482  lcd_display/DB<0>6 (lcd_display/N17)
     LUT4:I2->O            1   0.704   0.000  lcd_display/DB<1>2_wg_lut<3> (lcd_display/DB<1>2_wg_lut<3>)
     MUXCY:S->O            1   0.464   0.000  lcd_display/DB<1>2_wg_cy<3> (lcd_display/DB<1>2_wg_cy<3>)
     MUXCY:CI->O           2   0.459   0.622  lcd_display/DB<1>2_wg_cy<4> (lcd_display/DB<1>2_wg_cy<4>)
     LUT3:I0->O            1   0.704   0.595  lcd_display/DB<1>68 (lcd_display/DB<1>68)
     LUT3:I0->O            1   0.704   0.420  lcd_display/DB<1>156 (DB_1_OBUF)
     OBUF:I->O                 3.272          DB_1_OBUF (DB<1>)
    ----------------------------------------
    Total                     11.471ns (8.306ns logic, 3.165ns route)
                                       (72.4% logic, 27.6% route)

=========================================================================
Timing constraint: Default OFFSET OUT AFTER for Clock 'divider_beep/clkout'
  Total number of paths / destination ports: 1 / 1
-------------------------------------------------------------------------
Offset:              4.310ns (Levels of Logic = 1)
  Source:            beeper/current_state_0 (FF)
  Destination:       alarm (PAD)
  Source Clock:      divider_beep/clkout rising

  Data Path: beeper/current_state_0 to alarm
                                Gate     Net
    Cell:in->out      fanout   Delay   Delay  Logical Name (Net Name)
    ----------------------------------------  ------------
     FDC:C->Q              2   0.591   0.447  beeper/current_state_0 (beeper/current_state_0)
     OBUF:I->O                 3.272          alarm_OBUF (alarm)
    ----------------------------------------
    Total                      4.310ns (3.863ns logic, 0.447ns route)
                                       (89.6% logic, 10.4% route)

=========================================================================


Total REAL time to Xst completion: 9.00 secs
Total CPU time to Xst completion: 9.40 secs
 
--> 

Total memory usage is 322072 kilobytes

Number of errors   :    0 (   0 filtered)
Number of warnings :   11 (   0 filtered)
Number of infos    :    2 (   0 filtered)

